// Jest Snapshot v1, https://goo.gl/fbAQLP

exports[`Provider test snapshot 1`] = `ShallowWrapper {}`;
